// Jest Snapshot v1, https://goo.gl/fbAQLP

exports[`Header component matches snapshot when label is provided 1`] = `
<DocumentFragment>
  <div
    class="flex w-full flex-col items-center justify-center gap-y-4"
  >
    <h1
      class="text-3xl font-semibold className"
    >
      ðŸ”‘ Auth
    </h1>
    <p
      class="text-sm text-muted-foreground"
    >
      Welcome to the authentication page
    </p>
  </div>
</DocumentFragment>
`;
